23:44:46 **** Incremental Build of configuration Debug for project final_project ****
make all 
make --no-print-directory pre-build
a9-linaro-pre-build-step
' '
make --no-print-directory main-build
'Building file: ../src/helloworld.c'
'Invoking: ARM v7 gcc compiler'
arm-none-eabi-gcc -Wall -O0 -g3 -c -fmessage-length=0 -MT"src/helloworld.o" -mcpu=cortex-a9 -mfpu=vfpv3 -mfloat-abi=hard -IC:/Temp/sa2-final/sw/final_proj_wrapper/export/final_proj_wrapper/sw/final_proj_wrapper/domain_ps7_cortexa9_0/bspinclude/include -MMD -MP -MF"src/helloworld.d" -MT"src/helloworld.o" -o "src/helloworld.o" "../src/helloworld.c"
../src/helloworld.c: In function 'main':
../src/helloworld.c:194:70: warning: implicit declaration of function 'malloc' [-Wimplicit-function-declaration]
  194 |     analog_channel_config_t * channel1 = (analog_channel_config_t *) malloc(sizeof(analog_channel_config_t));
      |                                                                      ^~~~~~
../src/helloworld.c:194:70: warning: incompatible implicit declaration of built-in function 'malloc'
../src/helloworld.c:55:1: note: include '<stdlib.h>' or provide a declaration of 'malloc'
   54 | #include "xgpio_l.h"
  +++ |+#include <stdlib.h>
   55 | 
'Finished building: ../src/helloworld.c'
' '
'Building target: final_project.elf'
'Invoking: ARM v7 gcc linker'
arm-none-eabi-gcc -mcpu=cortex-a9 -mfpu=vfpv3 -mfloat-abi=hard -Wl,-build-id=none -specs=Xilinx.spec -Wl,-T -Wl,../src/lscript.ld -LC:/Temp/sa2-final/sw/final_proj_wrapper/export/final_proj_wrapper/sw/final_proj_wrapper/domain_ps7_cortexa9_0/bsplib/lib -o "final_project.elf"  ./src/helloworld.o ./src/platform.o   -Wl,--start-group,-lxil,-lgcc,-lc,--end-group
'Finished building target: final_project.elf'
' '
'Invoking: ARM v7 Print Size'
arm-none-eabi-size final_project.elf  |tee "final_project.elf.size"
   text	   data	    bss	    dec	    hex	filename
  26172	   2184	  22696	  51052	   c76c	final_project.elf
'Finished building: final_project.elf.size'
' '

23:44:46 Build Finished (took 626ms)

